WARNING: EXTCODE CODE AREA DO NOT CONTAIN RELOCATED ADDRESSES.
THIS WILL BE REMEDIED IN A LATER RELEASE.
--- 0000           ; MCS PRAKTIKUM 1 AUFG 2 Ochsendorf Marcel 3120232
--- 0000           
--- 0000           
                .AREA   Memory (abs)
 1000           STACK	=	$1000		; Nach RESET $1000, nach SetUp $2000=(End of RAM)+1
 F800           SetUp	=	$F800		; Suboutine System SetUp
 F809           Warte1ms=	SetUp+9
--- 0000           
--- 0000           
 0001           PORTB	=	$0001
 0248           PORTS	=	$0248
 024A           DDRS	=	$024A
--- 0000           
 0001           BIT0    =   0b00000001
 0002           BIT1    =   0b00000010
 0004           BIT2    =   0b00000100
 0008           BIT3    =   0b00001000
--- 0000           
 0004           ANZAHL_PHASEN = 4; PHASENZAHL-1  FÜR ADDRESSE
--- 0000           
--- 0000           ;PHASE_A = 0b01010000 ; PHASE_A BITMUSTER LED 0001
--- 0000           ;PHASE_B = 0b10100000 ; PHASE_B BITMUSTER LED 0010
--- 0000           ;PHASE_C = 0b10010000 ; PHASE_C BITMUSTER LED 0100
--- 0000           ;PHASE_D = 0b01100000 ; PHASE_D BITMUSTER LED 1000
--- 0000           
--- 0000           
 01F4           DELAY = 500 ;PAUSE ZWISCHEN DEN PHASEN
--- 0000           
                        .ORG    $1000           ; Variablen ab 0x1000
                        
 1000  FF6090A050 LED_PHASEN: .DB -1, 0b01100000,0b10010000,0b10100000,0b01010000 ; HIER DIE PHASEN
 1005            
                        .ORG    $4000           ; Program Code ab 0x4000
                        
                
                
                
 4000  CF1000    START:  LDS     #STACK          ; Setzen Stackpointer
 4003  16F800                    JSR     SetUp                   ; System SetUp
 4006                            
 4006                            
 4006  180BF0024A INIT:  MOVB    #0b11110000,DDRS;         ; SETUP PORT DDRS
 400B  CD0004                    LDY #ANZAHL_PHASEN                        ;LADE COUNTER MIT ANZAHL PHASEN
 400E  C600                      LDAB #0                                           ;RESET PARTS
 4010  7B0248                    STB PORTS
 4013                              
 4013            
 4013            
 4013  064016    MAIN:                   JMP CHECK_BTN
 4016            
 4016  F60001    CHECK_BTN:              LDAB PORTB               ; LESE PORT B EIN
 4019  C401                                      ANDB    #0b00000001 ;MASKE AUFS ERSTE BIT
 401B  26F6                                      BNE     MAIN ;WENN GESETZT WIEDER AUF MAIN ZURUECK
 401D            
 401D  E6EA1000  DISPLAY:                LDAB LED_PHASEN,Y                                       ;HOLE BITMUSTER DER PHASE MIT OFFSET
 4021  7B0248                                    STB PORTS                                                       ;WRITE OUTPUT AND WAIT
 4024  070C                                      BSR WDELAY                                                      ;WAIT DELAY
 4026                                    ;       JMP MAIN        
 4026                                                            
 4026  03                                        DEY
 4027  2703                                      BEQ RESET_COUNTER                                       ; WENN Y NICHT NEGATIV IST 0-3 -> DISPLAY
 4029  064013                                    JMP MAIN
 402C                                                                                                                    
 402C            
 402C                                            
 402C  CD0004    RESET_COUNTER:  LDY     #ANZAHL_PHASEN
 402F  064013                                    JMP MAIN
 4032                                            
 4032                            
 4032  CE01F4    WDELAY: LDX     #DELAY                  ; SPEICHERE DELAY WERT IN X
 4035  16F809    WLOOP:  JSR     Warte1ms                ; CALL Warte1ms
 4038  0435FA            DBNE    X,WLOOP                 ; WENN X != 0 GEHE ZU WLOOP
 403B  3D                RTS                                             ; RETURN
 403C                     
 403C             
 403C            ; **********************************************************************************
 403C            
                        .ORG    $FFFE
 FFFE  4000              .DW     START           ; RESTART Vektor
